<!DOCTYPE html PUBLIC "-//W3C//DTD XHTML 1.0 Transitional//EN" "http://www.w3.org/TR/xhtml1/DTD/xhtml1-transitional.dtd">
<html xmlns="http://www.w3.org/1999/xhtml">
<head>
  <meta http-equiv="Content-Type" content="text/html; charset=utf-8" />
  <meta http-equiv="Content-Style-Type" content="text/css" />
  <meta name="generator" content="pandoc" />
  <title></title>
  <style type="text/css">code{white-space: pre;}</style>
  <style type="text/css">
table.sourceCode, tr.sourceCode, td.lineNumbers, td.sourceCode {
  margin: 0; padding: 0; vertical-align: baseline; border: none; }
table.sourceCode { width: 100%; line-height: 100%; }
td.lineNumbers { text-align: right; padding-right: 4px; padding-left: 4px; color: #aaaaaa; border-right: 1px solid #aaaaaa; }
td.sourceCode { padding-left: 5px; }
code > span.kw { color: #007020; font-weight: bold; }
code > span.dt { color: #902000; }
code > span.dv { color: #40a070; }
code > span.bn { color: #40a070; }
code > span.fl { color: #40a070; }
code > span.ch { color: #4070a0; }
code > span.st { color: #4070a0; }
code > span.co { color: #60a0b0; font-style: italic; }
code > span.ot { color: #007020; }
code > span.al { color: #ff0000; font-weight: bold; }
code > span.fu { color: #06287e; }
code > span.er { color: #ff0000; font-weight: bold; }
  </style>
  <link rel="stylesheet" href="style.css" type="text/css" />
</head>
<body>
<h1 id="literal_expected">literal_expected</h1>
<h2 id="synopsis">Synopsis</h2>
<pre class="sourceCode cpp"><code class="sourceCode cpp"><span class="kw">namespace</span> error
{
  <span class="kw">template</span> &lt;<span class="dt">char</span> C&gt;
  <span class="kw">struct</span> literal_expected;
}</code></pre>
<p>This is a <a href="parsing_error_message.html">parsing error message</a>.</p>
<h2 id="arguments">Arguments</h2>
<table cellpadding='0' cellspacing='0'>
  <tr>
    <td>
<code>C</code>
</td>
    <td>
<code>char</code> value
</td>
  </tr>
</table>

<h2 id="description">Description</h2>
<p>Template class representing the error that a specific literal was expected. <code>C</code> is the literal that was expected but not found.</p>
<h2 id="header">Header</h2>
<pre class="sourceCode cpp"><code class="sourceCode cpp"><span class="ot">#include &lt;boost/metaparse/error/literal_expected.hpp&gt;</span></code></pre>
<p class="copyright">
Copyright Abel Sinkovics (abel at elte dot hu) 2011. Distributed under the Boost Software License, Version 1.0. (See accompanying file LICENSE_1_0.txt or copy at <a href="http://www.boost.org/LICENSE_1_0.txt">http://www.boost.org/LICENSE_1_0.txt</a>
</p>

<p><a href="reference.html">[up]</a></p>
</body>
</html>
